
╔══════════════════════════════════════════════════════════════════╗
║     TEST LOADER COMPILABLE COMPLET + FIBONACCI(20)              ║
║     (collect-labels + resolve-labels compilés)                   ║
╚══════════════════════════════════════════════════════════════════╝

═══════════════════════════════════════════════════════════════════
ÉTAPE 1/5 : Chargement de la VM et du compilateur
═══════════════════════════════════════════════════════════════════
  ✓ asm-ops.lisp chargé
WARNING: LOOP : Les phrases FOR doivent apparaître avant le contenu principale
         de la boucle.
  ✓ vm.lisp chargé
WARNING: DEFUN/DEFMACRO: redefining fonction CALCULATE-CODE-START in
         /home/etudiant/Bureau/CLisp/TD
         LISP-20251009/VirtualMachine_CLISP/src/loader.lisp, was defined in
         /home/etudiant/Bureau/CLisp/TD
         LISP-20251009/VirtualMachine_CLISP/src/vm.lisp
WARNING: LOOP : Les phrases FOR doivent apparaître avant le contenu principale
         de la boucle.
  ✓ loader.lisp chargé (natif pour prétraitement)

Compilateur LISP → MIPS chargé.
Fonctions disponibles:
  - (compile-lisp expr) : Compile une expression LISP
  - (compile-and-run expr) : Compile et exécute

Pour les tests, charger: (load "test-compiler.lisp")

  ✓ compiler.lisp chargé

✅ Infrastructure chargée

═══════════════════════════════════════════════════════════════════
ÉTAPE 2/5 : Compilation du loader complet depuis le fichier
═══════════════════════════════════════════════════════════════════
  → Chargement des stubs de primitives VM...
  ✓ Stubs chargés (permettent le parsing, pas l'exécution)
  → Chargement de l'utilitaire de compilation...
  ✓ Utilitaire chargé

  → Compilation de src/loader-compilable.lisp...

═══════════════════════════════════════════════════════════════════
Compilation de src/loader-compilable.lisp
═══════════════════════════════════════════════════════════════════

  → Compilation de COLLECT-LABELS...
     ✓ 92 instructions
  → Compilation de RESOLVE-LABELS...
     ✓ 98 instructions
  → Compilation de RESOLVE-INSTRUCTION...
     ✓ 90 instructions
  → Compilation de REVERSE-LIST...
     ✓ 44 instructions
  → Compilation de NORMALIZE-INSTRUCTION...
     ✓ 9 instructions
  → Compilation de NORMALIZE-CODE...
     ✓ 72 instructions
  → Compilation de PREPROCESS-CODE...
     ✓ 78 instructions
  → Compilation de LOAD-CODE-COMPILABLE...
     ✓ 79 instructions

  ✅ Total: 8 fonctions, 562 instructions


Création de variables globales pour le code compilé:
  • *LOAD-CODE-COMPILABLE-MIPS* → 79 instructions
  • *PREPROCESS-CODE-MIPS* → 78 instructions
  • *NORMALIZE-CODE-MIPS* → 72 instructions
  • *NORMALIZE-INSTRUCTION-MIPS* → 9 instructions
  • *REVERSE-LIST-MIPS* → 44 instructions
  • *RESOLVE-INSTRUCTION-MIPS* → 90 instructions
  • *RESOLVE-LABELS-MIPS* → 98 instructions
  • *COLLECT-LABELS-MIPS* → 92 instructions

✅ Variables créées

  ✅ Loader complet compilé : 324 instructions total

═══════════════════════════════════════════════════════════════════
ÉTAPE 3/5 : Compilation de fibonacci
═══════════════════════════════════════════════════════════════════
  → Compilation de fibonacci(20)...
  ✓ Fibonacci compilé : 97 instructions

═══════════════════════════════════════════════════════════════════
ÉTAPE 4/5 : Chargement du loader compilé dans la VM
═══════════════════════════════════════════════════════════════════
  → Création de la VM...
  ✓ VM créée

  → Chargement des fonctions du loader compilé...
     • collect-labels      : 92 inst à l'adresse 10480760
     • resolve-instruction : 90 inst à l'adresse 10480760
     • reverse-list        : 44 inst à l'adresse 10480760
     • resolve-labels      : 98 inst à l'adresse 10480760
  ✓ Loader compilé chargé : 324 instructions total

═══════════════════════════════════════════════════════════════════
ÉTAPE 5/5 : Utilisation du loader compilé pour charger fibonacci
═══════════════════════════════════════════════════════════════════
  ℹ  STRATÉGIE:
     1. Utiliser collect-labels COMPILÉ pour collecter les labels
     2. Utiliser simple-loader COMPILÉ pour copier le code
     3. Exécuter fibonacci(20)

  💡 Note: L'orchestration complète (appels inter-fonctions) nécessite
     un linker. Ici on démontre que le loader compilé se charge et
     qu'on peut l'utiliser avec un bootstrap minimal.

  → Compilation de simple-loader (copie mémoire)...
  ✓ Simple-loader compilé : 66 instructions
  ✓ Simple-loader chargé à l'adresse 10480760

  → Prétraitement de fibonacci avec loader.lisp natif...
     Labels trouvés : 4
  → Écriture du code prétraité en zone données (10481000)...
  ✓ 97 instructions écrites

  → Création du bootstrap pour copier et exécuter fibonacci...
  ✓ Bootstrap écrit à l'adresse 10480760
  ✓ $PC positionné à 10480760

  → Exécution: loader compilé + fibonacci(20)...
     (Cela peut prendre jusqu'à 3 minutes)

